[06/12 21:16:07] IndustrialPartPointCloud INFO: dist_url: tcp://localhost:8888
dist_backend: nccl
multiprocessing_distributed: False
ngpus_per_node: 1
world_size: 1
launcher: mp
local_rank: 0
use_gpu: True
seed: 3098
epoch: 0
epochs: 100
ignore_index: None
val_fn: validate
deterministic: False
sync_bn: False
criterion_args:
  NAME: SmoothCrossEntropy
  label_smoothing: 0.2
use_mask: False
grad_norm_clip: 1
layer_decay: 0
step_per_update: 1
start_epoch: 1
sched_on_epoch: True
wandb:
  use_wandb: False
  project: PointNeXt-IndustrialPart-14Class-RandomRot-8192-Fast
  tags: ['industrial_part', 'train', 'pointnext-s-14class-randomrot-8192-fast', 'ngpus1', 'seed3098']
  name: industrial_part-train-pointnext-s-14class-randomrot-8192-fast-ngpus1-seed3098-20260612-211607-LJ9creSRPPS42iAN76j9tV
use_amp: True
use_voting: False
val_freq: 5
resume: False
test: False
finetune: False
mode: train
logname: None
load_path: None
print_freq: 10
save_freq: -1
root_dir: log/industrial_part
pretrained_path: None
datatransforms:
  train: ['RandomRotate', 'PointsToTensor', 'PointCloudScaleAndTranslate']
  val: ['PointsToTensor']
  test: ['PointsToTensor']
  kwargs:
    angle: [1, 1, 1]
    shift: [0.2, 0.2, 0.2]
feature_keys: pos
num_points: 8192
num_classes: 14
dataset:
  common:
    NAME: IndustrialPartPointCloud
    data_dir: ../pointcloud_data_14class_direct
  train:
    split: train
    num_points: 8192
  val:
    split: test
    num_points: 8192
  test:
    split: test
    num_points: 8192
batch_size: 16
val_batch_size: 32
dataloader:
  num_workers: 8
sched: cosine
warmup_epochs: 0
min_lr: None
lr: 0.001
optimizer:
  NAME: adamw
  weight_decay: 0.05
log_dir: log/industrial_part\industrial_part-train-pointnext-s-14class-randomrot-8192-fast-ngpus1-seed3098-20260612-211607-LJ9creSRPPS42iAN76j9tV
model:
  NAME: BaseCls
  encoder_args:
    NAME: PointNextEncoder
    blocks: [1, 1, 1, 1, 1, 1]
    strides: [1, 2, 2, 2, 2, 1]
    width: 32
    in_channels: 3
    radius: 0.15
    radius_scaling: 1.5
    sa_layers: 2
    sa_use_res: True
    nsample: 32
    expansion: 4
    aggr_args:
      feature_type: dp_fj
      reduction: max
    group_args:
      NAME: ballquery
      normalize_dp: True
    conv_args:
      order: conv-norm-act
    act_args:
      act: relu
    norm_args:
      norm: bn
  cls_args:
    NAME: ClsHead
    num_classes: 14
    mlps: [512, 256]
    norm_args:
      norm: bn1d
rank: 0
distributed: False
mp: False
task_name: industrial_part
exp_name: pointnext-s-14class-randomrot-8192-fast
opts: 
run_name: industrial_part-train-pointnext-s-14class-randomrot-8192-fast-ngpus1-seed3098-20260612-211607-LJ9creSRPPS42iAN76j9tV
run_dir: log/industrial_part\industrial_part-train-pointnext-s-14class-randomrot-8192-fast-ngpus1-seed3098-20260612-211607-LJ9creSRPPS42iAN76j9tV
exp_dir: log/industrial_part\industrial_part-train-pointnext-s-14class-randomrot-8192-fast-ngpus1-seed3098-20260612-211607-LJ9creSRPPS42iAN76j9tV
ckpt_dir: log/industrial_part\industrial_part-train-pointnext-s-14class-randomrot-8192-fast-ngpus1-seed3098-20260612-211607-LJ9creSRPPS42iAN76j9tV\checkpoint
log_path: log/industrial_part\industrial_part-train-pointnext-s-14class-randomrot-8192-fast-ngpus1-seed3098-20260612-211607-LJ9creSRPPS42iAN76j9tV\industrial_part-train-pointnext-s-14class-randomrot-8192-fast-ngpus1-seed3098-20260612-211607-LJ9creSRPPS42iAN76j9tV.log
cfg_path: log/industrial_part\industrial_part-train-pointnext-s-14class-randomrot-8192-fast-ngpus1-seed3098-20260612-211607-LJ9creSRPPS42iAN76j9tV\cfg.yaml
[06/12 21:16:07] IndustrialPartPointCloud INFO: radius: [[0.15], [0.15], [0.22499999999999998], [0.33749999999999997], [0.50625], [0.7593749999999999]],
 nsample: [[32], [32], [32], [32], [32], [32]]
[06/12 21:16:07] IndustrialPartPointCloud INFO: NAME: ballquery
normalize_dp: True
radius: 0.15
nsample: 32
[06/12 21:16:07] IndustrialPartPointCloud INFO: NAME: ballquery
normalize_dp: True
radius: 0.22499999999999998
nsample: 32
[06/12 21:16:07] IndustrialPartPointCloud INFO: NAME: ballquery
normalize_dp: True
radius: 0.33749999999999997
nsample: 32
[06/12 21:16:07] IndustrialPartPointCloud INFO: NAME: ballquery
normalize_dp: True
radius: 0.50625
nsample: 32
[06/12 21:16:07] IndustrialPartPointCloud INFO: NAME: ballquery
normalize_dp: True
radius: None
nsample: None
[06/12 21:16:08] IndustrialPartPointCloud INFO: BaseCls(
  (encoder): PointNextEncoder(
    (encoder): Sequential(
      (0): Sequential(
        (0): SetAbstraction(
          (convs): Sequential(
            (0): Sequential(
              (0): Conv1d(3, 32, kernel_size=(1,), stride=(1,))
            )
          )
        )
      )
      (1): Sequential(
        (0): SetAbstraction(
          (skipconv): Sequential(
            (0): Conv1d(32, 64, kernel_size=(1,), stride=(1,))
          )
          (act): ReLU(inplace=True)
          (convs): Sequential(
            (0): Sequential(
              (0): Conv2d(35, 32, kernel_size=(1, 1), stride=(1, 1), bias=False)
              (1): BatchNorm2d(32, eps=1e-05, momentum=0.1, affine=True, track_running_stats=True)
              (2): ReLU(inplace=True)
            )
            (1): Sequential(
              (0): Conv2d(32, 64, kernel_size=(1, 1), stride=(1, 1), bias=False)
              (1): BatchNorm2d(64, eps=1e-05, momentum=0.1, affine=True, track_running_stats=True)
            )
          )
          (grouper): QueryAndGroup()
        )
      )
      (2): Sequential(
        (0): SetAbstraction(
          (skipconv): Sequential(
            (0): Conv1d(64, 128, kernel_size=(1,), stride=(1,))
          )
          (act): ReLU(inplace=True)
          (convs): Sequential(
            (0): Sequential(
              (0): Conv2d(67, 64, kernel_size=(1, 1), stride=(1, 1), bias=False)
              (1): BatchNorm2d(64, eps=1e-05, momentum=0.1, affine=True, track_running_stats=True)
              (2): ReLU(inplace=True)
            )
            (1): Sequential(
              (0): Conv2d(64, 128, kernel_size=(1, 1), stride=(1, 1), bias=False)
              (1): BatchNorm2d(128, eps=1e-05, momentum=0.1, affine=True, track_running_stats=True)
            )
          )
          (grouper): QueryAndGroup()
        )
      )
      (3): Sequential(
        (0): SetAbstraction(
          (skipconv): Sequential(
            (0): Conv1d(128, 256, kernel_size=(1,), stride=(1,))
          )
          (act): ReLU(inplace=True)
          (convs): Sequential(
            (0): Sequential(
              (0): Conv2d(131, 128, kernel_size=(1, 1), stride=(1, 1), bias=False)
              (1): BatchNorm2d(128, eps=1e-05, momentum=0.1, affine=True, track_running_stats=True)
              (2): ReLU(inplace=True)
            )
            (1): Sequential(
              (0): Conv2d(128, 256, kernel_size=(1, 1), stride=(1, 1), bias=False)
              (1): BatchNorm2d(256, eps=1e-05, momentum=0.1, affine=True, track_running_stats=True)
            )
          )
          (grouper): QueryAndGroup()
        )
      )
      (4): Sequential(
        (0): SetAbstraction(
          (skipconv): Sequential(
            (0): Conv1d(256, 512, kernel_size=(1,), stride=(1,))
          )
          (act): ReLU(inplace=True)
          (convs): Sequential(
            (0): Sequential(
              (0): Conv2d(259, 256, kernel_size=(1, 1), stride=(1, 1), bias=False)
              (1): BatchNorm2d(256, eps=1e-05, momentum=0.1, affine=True, track_running_stats=True)
              (2): ReLU(inplace=True)
            )
            (1): Sequential(
              (0): Conv2d(256, 512, kernel_size=(1, 1), stride=(1, 1), bias=False)
              (1): BatchNorm2d(512, eps=1e-05, momentum=0.1, affine=True, track_running_stats=True)
            )
          )
          (grouper): QueryAndGroup()
        )
      )
      (5): Sequential(
        (0): SetAbstraction(
          (convs): Sequential(
            (0): Sequential(
              (0): Conv2d(515, 512, kernel_size=(1, 1), stride=(1, 1), bias=False)
              (1): BatchNorm2d(512, eps=1e-05, momentum=0.1, affine=True, track_running_stats=True)
              (2): ReLU(inplace=True)
            )
            (1): Sequential(
              (0): Conv2d(512, 512, kernel_size=(1, 1), stride=(1, 1), bias=False)
              (1): BatchNorm2d(512, eps=1e-05, momentum=0.1, affine=True, track_running_stats=True)
              (2): ReLU(inplace=True)
            )
          )
          (grouper): GroupAll()
        )
      )
    )
  )
  (prediction): ClsHead(
    (head): Sequential(
      (0): Sequential(
        (0): Linear(in_features=512, out_features=512, bias=False)
        (1): BatchNorm1d(512, eps=1e-05, momentum=0.1, affine=True, track_running_stats=True)
        (2): ReLU(inplace=True)
      )
      (1): Dropout(p=0.5, inplace=False)
      (2): Sequential(
        (0): Linear(in_features=512, out_features=256, bias=False)
        (1): BatchNorm1d(256, eps=1e-05, momentum=0.1, affine=True, track_running_stats=True)
        (2): ReLU(inplace=True)
      )
      (3): Dropout(p=0.5, inplace=False)
      (4): Sequential(
        (0): Linear(in_features=256, out_features=14, bias=True)
      )
    )
  )
  (criterion): SmoothCrossEntropy()
)
[06/12 21:16:08] IndustrialPartPointCloud INFO: Number of params: 1.3668 M
[06/12 21:16:08] IndustrialPartPointCloud INFO: Param groups = {
  "decay": {
    "weight_decay": 0.05,
    "params": [
      "encoder.encoder.0.0.convs.0.0.weight",
      "encoder.encoder.1.0.skipconv.0.weight",
      "encoder.encoder.1.0.convs.0.0.weight",
      "encoder.encoder.1.0.convs.1.0.weight",
      "encoder.encoder.2.0.skipconv.0.weight",
      "encoder.encoder.2.0.convs.0.0.weight",
      "encoder.encoder.2.0.convs.1.0.weight",
      "encoder.encoder.3.0.skipconv.0.weight",
      "encoder.encoder.3.0.convs.0.0.weight",
      "encoder.encoder.3.0.convs.1.0.weight",
      "encoder.encoder.4.0.skipconv.0.weight",
      "encoder.encoder.4.0.convs.0.0.weight",
      "encoder.encoder.4.0.convs.1.0.weight",
      "encoder.encoder.5.0.convs.0.0.weight",
      "encoder.encoder.5.0.convs.1.0.weight",
      "prediction.head.0.0.weight",
      "prediction.head.2.0.weight",
      "prediction.head.4.0.weight"
    ],
    "lr_scale": 1.0
  },
  "no_decay": {
    "weight_decay": 0.0,
    "params": [
      "encoder.encoder.0.0.convs.0.0.bias",
      "encoder.encoder.1.0.skipconv.0.bias",
      "encoder.encoder.1.0.convs.0.1.weight",
      "encoder.encoder.1.0.convs.0.1.bias",
      "encoder.encoder.1.0.convs.1.1.weight",
      "encoder.encoder.1.0.convs.1.1.bias",
      "encoder.encoder.2.0.skipconv.0.bias",
      "encoder.encoder.2.0.convs.0.1.weight",
      "encoder.encoder.2.0.convs.0.1.bias",
      "encoder.encoder.2.0.convs.1.1.weight",
      "encoder.encoder.2.0.convs.1.1.bias",
      "encoder.encoder.3.0.skipconv.0.bias",
      "encoder.encoder.3.0.convs.0.1.weight",
      "encoder.encoder.3.0.convs.0.1.bias",
      "encoder.encoder.3.0.convs.1.1.weight",
      "encoder.encoder.3.0.convs.1.1.bias",
      "encoder.encoder.4.0.skipconv.0.bias",
      "encoder.encoder.4.0.convs.0.1.weight",
      "encoder.encoder.4.0.convs.0.1.bias",
      "encoder.encoder.4.0.convs.1.1.weight",
      "encoder.encoder.4.0.convs.1.1.bias",
      "encoder.encoder.5.0.convs.0.1.weight",
      "encoder.encoder.5.0.convs.0.1.bias",
      "encoder.encoder.5.0.convs.1.1.weight",
      "encoder.encoder.5.0.convs.1.1.bias",
      "prediction.head.0.1.weight",
      "prediction.head.0.1.bias",
      "prediction.head.2.1.weight",
      "prediction.head.2.1.bias",
      "prediction.head.4.0.bias"
    ],
    "lr_scale": 1.0
  }
}
[06/12 21:16:08] IndustrialPartPointCloud INFO: Loaded IndustrialPartPointCloud split=test samples=15372 classes=14 data_dir=D:\11111111111111\pointcloud_data_14class_direct
[06/12 21:16:08] IndustrialPartPointCloud INFO: length of validation dataset: 15372
[06/12 21:16:09] IndustrialPartPointCloud INFO: Loaded IndustrialPartPointCloud split=test samples=15372 classes=14 data_dir=D:\11111111111111\pointcloud_data_14class_direct
[06/12 21:16:09] IndustrialPartPointCloud INFO: number of classes of the dataset: 14, number of points sampled from dataset: 8192, number of points as model input: 8192
[06/12 21:16:09] IndustrialPartPointCloud INFO: Training from scratch
[06/12 21:16:11] IndustrialPartPointCloud INFO: Loaded IndustrialPartPointCloud split=train samples=61711 classes=14 data_dir=D:\11111111111111\pointcloud_data_14class_direct
[06/12 21:16:11] IndustrialPartPointCloud INFO: length of training dataset: 61711
[06/12 21:22:27] IndustrialPartPointCloud INFO: Epoch 1 LR 0.001000 train_oa 47.59, val_oa 0.00, best val oa 0.00
[06/12 21:28:18] IndustrialPartPointCloud INFO: Epoch 2 LR 0.001000 train_oa 58.25, val_oa 0.00, best val oa 0.00
[06/12 21:34:07] IndustrialPartPointCloud INFO: Epoch 3 LR 0.000999 train_oa 63.86, val_oa 0.00, best val oa 0.00
[06/12 21:39:56] IndustrialPartPointCloud INFO: Epoch 4 LR 0.000998 train_oa 68.78, val_oa 0.00, best val oa 0.00
[06/12 21:46:49] IndustrialPartPointCloud INFO: Find a better ckpt @E5
[06/12 21:46:49] IndustrialPartPointCloud INFO: 
Classes	Acc
screws_bolts_studs: 90.20%
nuts      : 75.35%
washers_rings_spacers: 94.45%
pins_rivets_keys: 69.31%
bearings_bushings_guides: 85.10%
gears_pulleys_chains: 54.11%
motors_gearmotors: 44.07%
pipe_fittings_valves_nozzles: 20.82%
joints_clamps_structural_connectors: 32.35%
wheels_castors: 0.00%
rotating_fluid_machinery: 43.65%
plates_discs_shapes: 37.02%
handles_controls: 52.24%
springs   : 51.49%
E@5	OA: 72.14	mAcc: 53.58

[06/12 21:46:49] IndustrialPartPointCloud INFO: Epoch 5 LR 0.000996 train_oa 72.10, val_oa 72.14, best val oa 72.14
[06/12 21:46:49] IndustrialPartPointCloud INFO: Found the best model and saved in log/industrial_part\industrial_part-train-pointnext-s-14class-randomrot-8192-fast-ngpus1-seed3098-20260612-211607-LJ9creSRPPS42iAN76j9tV\checkpoint\industrial_part-train-pointnext-s-14class-randomrot-8192-fast-ngpus1-seed3098-20260612-211607-LJ9creSRPPS42iAN76j9tV_ckpt_best.pth
[06/12 21:52:36] IndustrialPartPointCloud INFO: Epoch 6 LR 0.000994 train_oa 75.20, val_oa 72.14, best val oa 72.14
[06/12 21:58:25] IndustrialPartPointCloud INFO: Epoch 7 LR 0.000991 train_oa 77.11, val_oa 72.14, best val oa 72.14
[06/12 22:04:11] IndustrialPartPointCloud INFO: Epoch 8 LR 0.000988 train_oa 79.03, val_oa 72.14, best val oa 72.14
[06/12 22:09:55] IndustrialPartPointCloud INFO: Epoch 9 LR 0.000984 train_oa 80.62, val_oa 72.14, best val oa 72.14
[06/12 22:16:41] IndustrialPartPointCloud INFO: Find a better ckpt @E10
[06/12 22:16:41] IndustrialPartPointCloud INFO: 
Classes	Acc
screws_bolts_studs: 94.79%
nuts      : 81.16%
washers_rings_spacers: 97.72%
pins_rivets_keys: 96.28%
bearings_bushings_guides: 74.90%
gears_pulleys_chains: 67.41%
motors_gearmotors: 85.76%
pipe_fittings_valves_nozzles: 58.05%
joints_clamps_structural_connectors: 46.85%
wheels_castors: 23.02%
rotating_fluid_machinery: 64.64%
plates_discs_shapes: 57.46%
handles_controls: 70.79%
springs   : 71.64%
E@10	OA: 86.35	mAcc: 70.75

[06/12 22:16:41] IndustrialPartPointCloud INFO: Epoch 10 LR 0.000980 train_oa 81.84, val_oa 86.35, best val oa 86.35
[06/12 22:16:41] IndustrialPartPointCloud INFO: Found the best model and saved in log/industrial_part\industrial_part-train-pointnext-s-14class-randomrot-8192-fast-ngpus1-seed3098-20260612-211607-LJ9creSRPPS42iAN76j9tV\checkpoint\industrial_part-train-pointnext-s-14class-randomrot-8192-fast-ngpus1-seed3098-20260612-211607-LJ9creSRPPS42iAN76j9tV_ckpt_best.pth
[06/12 22:22:24] IndustrialPartPointCloud INFO: Epoch 11 LR 0.000976 train_oa 82.85, val_oa 86.35, best val oa 86.35
[06/12 22:28:14] IndustrialPartPointCloud INFO: Epoch 12 LR 0.000970 train_oa 83.64, val_oa 86.35, best val oa 86.35
[06/12 22:34:04] IndustrialPartPointCloud INFO: Epoch 13 LR 0.000965 train_oa 84.28, val_oa 86.35, best val oa 86.35
[06/12 22:39:52] IndustrialPartPointCloud INFO: Epoch 14 LR 0.000959 train_oa 85.09, val_oa 86.35, best val oa 86.35
[06/12 22:46:43] IndustrialPartPointCloud INFO: Find a better ckpt @E15
[06/12 22:46:43] IndustrialPartPointCloud INFO: 
Classes	Acc
screws_bolts_studs: 94.50%
nuts      : 92.62%
washers_rings_spacers: 98.12%
pins_rivets_keys: 95.77%
bearings_bushings_guides: 74.90%
gears_pulleys_chains: 85.76%
motors_gearmotors: 90.51%
pipe_fittings_valves_nozzles: 66.87%
joints_clamps_structural_connectors: 68.70%
wheels_castors: 41.01%
rotating_fluid_machinery: 58.01%
plates_discs_shapes: 65.75%
handles_controls: 73.45%
springs   : 69.40%
E@15	OA: 88.62	mAcc: 76.81

[06/12 22:46:43] IndustrialPartPointCloud INFO: Epoch 15 LR 0.000952 train_oa 85.69, val_oa 88.62, best val oa 88.62
[06/12 22:46:43] IndustrialPartPointCloud INFO: Found the best model and saved in log/industrial_part\industrial_part-train-pointnext-s-14class-randomrot-8192-fast-ngpus1-seed3098-20260612-211607-LJ9creSRPPS42iAN76j9tV\checkpoint\industrial_part-train-pointnext-s-14class-randomrot-8192-fast-ngpus1-seed3098-20260612-211607-LJ9creSRPPS42iAN76j9tV_ckpt_best.pth
[06/12 22:52:28] IndustrialPartPointCloud INFO: Epoch 16 LR 0.000946 train_oa 86.26, val_oa 88.62, best val oa 88.62
[06/12 22:58:11] IndustrialPartPointCloud INFO: Epoch 17 LR 0.000938 train_oa 86.62, val_oa 88.62, best val oa 88.62
[06/12 23:03:55] IndustrialPartPointCloud INFO: Epoch 18 LR 0.000930 train_oa 87.07, val_oa 88.62, best val oa 88.62
[06/12 23:09:38] IndustrialPartPointCloud INFO: Epoch 19 LR 0.000922 train_oa 87.34, val_oa 88.62, best val oa 88.62
[06/12 23:16:24] IndustrialPartPointCloud INFO: Find a better ckpt @E20
[06/12 23:16:24] IndustrialPartPointCloud INFO: 
Classes	Acc
screws_bolts_studs: 97.68%
nuts      : 85.56%
washers_rings_spacers: 98.12%
pins_rivets_keys: 96.25%
bearings_bushings_guides: 89.13%
gears_pulleys_chains: 76.90%
motors_gearmotors: 94.24%
pipe_fittings_valves_nozzles: 68.62%
joints_clamps_structural_connectors: 59.45%
wheels_castors: 82.01%
rotating_fluid_machinery: 80.11%
plates_discs_shapes: 62.43%
handles_controls: 76.97%
springs   : 85.82%
E@20	OA: 90.93	mAcc: 82.38

[06/12 23:16:24] IndustrialPartPointCloud INFO: Epoch 20 LR 0.000914 train_oa 87.60, val_oa 90.93, best val oa 90.93
[06/12 23:16:24] IndustrialPartPointCloud INFO: Found the best model and saved in log/industrial_part\industrial_part-train-pointnext-s-14class-randomrot-8192-fast-ngpus1-seed3098-20260612-211607-LJ9creSRPPS42iAN76j9tV\checkpoint\industrial_part-train-pointnext-s-14class-randomrot-8192-fast-ngpus1-seed3098-20260612-211607-LJ9creSRPPS42iAN76j9tV_ckpt_best.pth
[06/12 23:22:09] IndustrialPartPointCloud INFO: Epoch 21 LR 0.000905 train_oa 87.92, val_oa 90.93, best val oa 90.93
[06/12 23:27:58] IndustrialPartPointCloud INFO: Epoch 22 LR 0.000895 train_oa 88.24, val_oa 90.93, best val oa 90.93
[06/12 23:33:55] IndustrialPartPointCloud INFO: Epoch 23 LR 0.000885 train_oa 88.46, val_oa 90.93, best val oa 90.93
[06/12 23:39:41] IndustrialPartPointCloud INFO: Epoch 24 LR 0.000875 train_oa 88.75, val_oa 90.93, best val oa 90.93
[06/12 23:46:31] IndustrialPartPointCloud INFO: Find a better ckpt @E25
[06/12 23:46:31] IndustrialPartPointCloud INFO: 
Classes	Acc
screws_bolts_studs: 98.65%
nuts      : 91.37%
washers_rings_spacers: 97.42%
pins_rivets_keys: 95.79%
bearings_bushings_guides: 90.60%
gears_pulleys_chains: 85.76%
motors_gearmotors: 87.80%
pipe_fittings_valves_nozzles: 69.85%
joints_clamps_structural_connectors: 68.07%
wheels_castors: 80.58%
rotating_fluid_machinery: 87.29%
plates_discs_shapes: 68.51%
handles_controls: 85.58%
springs   : 79.85%
E@25	OA: 92.39	mAcc: 84.79

[06/12 23:46:31] IndustrialPartPointCloud INFO: Epoch 25 LR 0.000865 train_oa 88.97, val_oa 92.39, best val oa 92.39
[06/12 23:46:31] IndustrialPartPointCloud INFO: Found the best model and saved in log/industrial_part\industrial_part-train-pointnext-s-14class-randomrot-8192-fast-ngpus1-seed3098-20260612-211607-LJ9creSRPPS42iAN76j9tV\checkpoint\industrial_part-train-pointnext-s-14class-randomrot-8192-fast-ngpus1-seed3098-20260612-211607-LJ9creSRPPS42iAN76j9tV_ckpt_best.pth
[06/12 23:52:17] IndustrialPartPointCloud INFO: Epoch 26 LR 0.000854 train_oa 89.05, val_oa 92.39, best val oa 92.39
[06/12 23:58:04] IndustrialPartPointCloud INFO: Epoch 27 LR 0.000842 train_oa 89.34, val_oa 92.39, best val oa 92.39
[06/13 00:03:50] IndustrialPartPointCloud INFO: Epoch 28 LR 0.000831 train_oa 89.60, val_oa 92.39, best val oa 92.39
[06/13 00:09:35] IndustrialPartPointCloud INFO: Epoch 29 LR 0.000819 train_oa 89.56, val_oa 92.39, best val oa 92.39
[06/13 00:16:21] IndustrialPartPointCloud INFO: Find a better ckpt @E30
[06/13 00:16:21] IndustrialPartPointCloud INFO: 
Classes	Acc
screws_bolts_studs: 97.68%
nuts      : 92.78%
washers_rings_spacers: 97.42%
pins_rivets_keys: 97.77%
bearings_bushings_guides: 85.23%
gears_pulleys_chains: 78.16%
motors_gearmotors: 90.51%
pipe_fittings_valves_nozzles: 73.23%
joints_clamps_structural_connectors: 69.54%
wheels_castors: 86.33%
rotating_fluid_machinery: 86.74%
plates_discs_shapes: 68.51%
handles_controls: 86.55%
springs   : 87.31%
E@30	OA: 92.66	mAcc: 85.55

[06/13 00:16:21] IndustrialPartPointCloud INFO: Epoch 30 LR 0.000807 train_oa 89.87, val_oa 92.66, best val oa 92.66
[06/13 00:16:21] IndustrialPartPointCloud INFO: Found the best model and saved in log/industrial_part\industrial_part-train-pointnext-s-14class-randomrot-8192-fast-ngpus1-seed3098-20260612-211607-LJ9creSRPPS42iAN76j9tV\checkpoint\industrial_part-train-pointnext-s-14class-randomrot-8192-fast-ngpus1-seed3098-20260612-211607-LJ9creSRPPS42iAN76j9tV_ckpt_best.pth
[06/13 00:22:05] IndustrialPartPointCloud INFO: Epoch 31 LR 0.000794 train_oa 89.86, val_oa 92.66, best val oa 92.66
[06/13 00:27:48] IndustrialPartPointCloud INFO: Epoch 32 LR 0.000781 train_oa 89.95, val_oa 92.66, best val oa 92.66
[06/13 00:33:32] IndustrialPartPointCloud INFO: Epoch 33 LR 0.000768 train_oa 90.31, val_oa 92.66, best val oa 92.66
[06/13 00:39:16] IndustrialPartPointCloud INFO: Epoch 34 LR 0.000755 train_oa 90.23, val_oa 92.66, best val oa 92.66
[06/13 00:46:02] IndustrialPartPointCloud INFO: Find a better ckpt @E35
[06/13 00:46:02] IndustrialPartPointCloud INFO: 
Classes	Acc
screws_bolts_studs: 98.33%
nuts      : 94.35%
washers_rings_spacers: 97.72%
pins_rivets_keys: 96.59%
bearings_bushings_guides: 88.59%
gears_pulleys_chains: 81.01%
motors_gearmotors: 91.53%
pipe_fittings_valves_nozzles: 73.85%
joints_clamps_structural_connectors: 78.99%
wheels_castors: 76.98%
rotating_fluid_machinery: 81.77%
plates_discs_shapes: 77.90%
handles_controls: 88.24%
springs   : 89.55%
E@35	OA: 93.33	mAcc: 86.81

[06/13 00:46:02] IndustrialPartPointCloud INFO: Epoch 35 LR 0.000741 train_oa 90.48, val_oa 93.33, best val oa 93.33
[06/13 00:46:02] IndustrialPartPointCloud INFO: Found the best model and saved in log/industrial_part\industrial_part-train-pointnext-s-14class-randomrot-8192-fast-ngpus1-seed3098-20260612-211607-LJ9creSRPPS42iAN76j9tV\checkpoint\industrial_part-train-pointnext-s-14class-randomrot-8192-fast-ngpus1-seed3098-20260612-211607-LJ9creSRPPS42iAN76j9tV_ckpt_best.pth
[06/13 00:51:46] IndustrialPartPointCloud INFO: Epoch 36 LR 0.000727 train_oa 90.59, val_oa 93.33, best val oa 93.33
[06/13 00:57:29] IndustrialPartPointCloud INFO: Epoch 37 LR 0.000713 train_oa 90.83, val_oa 93.33, best val oa 93.33
[06/13 01:03:13] IndustrialPartPointCloud INFO: Epoch 38 LR 0.000699 train_oa 90.66, val_oa 93.33, best val oa 93.33
[06/13 01:08:57] IndustrialPartPointCloud INFO: Epoch 39 LR 0.000684 train_oa 91.05, val_oa 93.33, best val oa 93.33
[06/13 01:15:43] IndustrialPartPointCloud INFO: Epoch 40 LR 0.000670 train_oa 90.99, val_oa 92.77, best val oa 93.33
[06/13 01:21:26] IndustrialPartPointCloud INFO: Epoch 41 LR 0.000655 train_oa 91.30, val_oa 92.77, best val oa 93.33
[06/13 01:27:10] IndustrialPartPointCloud INFO: Epoch 42 LR 0.000640 train_oa 91.27, val_oa 92.77, best val oa 93.33
[06/13 01:32:53] IndustrialPartPointCloud INFO: Epoch 43 LR 0.000625 train_oa 91.39, val_oa 92.77, best val oa 93.33
[06/13 01:38:37] IndustrialPartPointCloud INFO: Epoch 44 LR 0.000609 train_oa 91.66, val_oa 92.77, best val oa 93.33
[06/13 01:45:23] IndustrialPartPointCloud INFO: Find a better ckpt @E45
[06/13 01:45:23] IndustrialPartPointCloud INFO: 
Classes	Acc
screws_bolts_studs: 98.80%
nuts      : 92.31%
washers_rings_spacers: 98.12%
pins_rivets_keys: 96.74%
bearings_bushings_guides: 90.87%
gears_pulleys_chains: 88.29%
motors_gearmotors: 89.83%
pipe_fittings_valves_nozzles: 69.03%
joints_clamps_structural_connectors: 74.16%
wheels_castors: 85.61%
rotating_fluid_machinery: 91.16%
plates_discs_shapes: 80.66%
handles_controls: 90.42%
springs   : 85.82%
E@45	OA: 93.55	mAcc: 87.99

[06/13 01:45:23] IndustrialPartPointCloud INFO: Epoch 45 LR 0.000594 train_oa 91.69, val_oa 93.55, best val oa 93.55
[06/13 01:45:23] IndustrialPartPointCloud INFO: Found the best model and saved in log/industrial_part\industrial_part-train-pointnext-s-14class-randomrot-8192-fast-ngpus1-seed3098-20260612-211607-LJ9creSRPPS42iAN76j9tV\checkpoint\industrial_part-train-pointnext-s-14class-randomrot-8192-fast-ngpus1-seed3098-20260612-211607-LJ9creSRPPS42iAN76j9tV_ckpt_best.pth
[06/13 01:51:06] IndustrialPartPointCloud INFO: Epoch 46 LR 0.000579 train_oa 91.80, val_oa 93.55, best val oa 93.55
[06/13 01:56:50] IndustrialPartPointCloud INFO: Epoch 47 LR 0.000563 train_oa 91.95, val_oa 93.55, best val oa 93.55
[06/13 02:02:34] IndustrialPartPointCloud INFO: Epoch 48 LR 0.000548 train_oa 92.03, val_oa 93.55, best val oa 93.55
[06/13 02:08:18] IndustrialPartPointCloud INFO: Epoch 49 LR 0.000532 train_oa 92.20, val_oa 93.55, best val oa 93.55
[06/13 02:15:04] IndustrialPartPointCloud INFO: Find a better ckpt @E50
[06/13 02:15:04] IndustrialPartPointCloud INFO: 
Classes	Acc
screws_bolts_studs: 97.36%
nuts      : 93.25%
washers_rings_spacers: 97.32%
pins_rivets_keys: 98.13%
bearings_bushings_guides: 91.68%
gears_pulleys_chains: 86.71%
motors_gearmotors: 94.58%
pipe_fittings_valves_nozzles: 72.62%
joints_clamps_structural_connectors: 78.15%
wheels_castors: 92.09%
rotating_fluid_machinery: 89.50%
plates_discs_shapes: 80.11%
handles_controls: 90.55%
springs   : 91.79%
E@50	OA: 93.91	mAcc: 89.56

[06/13 02:15:04] IndustrialPartPointCloud INFO: Epoch 50 LR 0.000516 train_oa 92.27, val_oa 93.91, best val oa 93.91
[06/13 02:15:04] IndustrialPartPointCloud INFO: Found the best model and saved in log/industrial_part\industrial_part-train-pointnext-s-14class-randomrot-8192-fast-ngpus1-seed3098-20260612-211607-LJ9creSRPPS42iAN76j9tV\checkpoint\industrial_part-train-pointnext-s-14class-randomrot-8192-fast-ngpus1-seed3098-20260612-211607-LJ9creSRPPS42iAN76j9tV_ckpt_best.pth
[06/13 02:20:48] IndustrialPartPointCloud INFO: Epoch 51 LR 0.000501 train_oa 92.37, val_oa 93.91, best val oa 93.91
[06/13 02:26:32] IndustrialPartPointCloud INFO: Epoch 52 LR 0.000485 train_oa 92.40, val_oa 93.91, best val oa 93.91
[06/13 02:32:16] IndustrialPartPointCloud INFO: Epoch 53 LR 0.000469 train_oa 92.51, val_oa 93.91, best val oa 93.91
[06/13 02:38:00] IndustrialPartPointCloud INFO: Epoch 54 LR 0.000453 train_oa 92.83, val_oa 93.91, best val oa 93.91
[06/13 02:44:46] IndustrialPartPointCloud INFO: Find a better ckpt @E55
[06/13 02:44:46] IndustrialPartPointCloud INFO: 
Classes	Acc
screws_bolts_studs: 98.81%
nuts      : 94.35%
washers_rings_spacers: 98.12%
pins_rivets_keys: 96.20%
bearings_bushings_guides: 90.47%
gears_pulleys_chains: 88.29%
motors_gearmotors: 90.85%
pipe_fittings_valves_nozzles: 73.03%
joints_clamps_structural_connectors: 83.61%
wheels_castors: 91.37%
rotating_fluid_machinery: 85.08%
plates_discs_shapes: 72.93%
handles_controls: 94.18%
springs   : 88.06%
E@55	OA: 94.16	mAcc: 88.95

[06/13 02:44:46] IndustrialPartPointCloud INFO: Epoch 55 LR 0.000438 train_oa 92.83, val_oa 94.16, best val oa 94.16
[06/13 02:44:46] IndustrialPartPointCloud INFO: Found the best model and saved in log/industrial_part\industrial_part-train-pointnext-s-14class-randomrot-8192-fast-ngpus1-seed3098-20260612-211607-LJ9creSRPPS42iAN76j9tV\checkpoint\industrial_part-train-pointnext-s-14class-randomrot-8192-fast-ngpus1-seed3098-20260612-211607-LJ9creSRPPS42iAN76j9tV_ckpt_best.pth
[06/13 02:50:30] IndustrialPartPointCloud INFO: Epoch 56 LR 0.000422 train_oa 92.93, val_oa 94.16, best val oa 94.16
[06/13 02:56:14] IndustrialPartPointCloud INFO: Epoch 57 LR 0.000407 train_oa 93.05, val_oa 94.16, best val oa 94.16
[06/13 03:01:57] IndustrialPartPointCloud INFO: Epoch 58 LR 0.000392 train_oa 93.14, val_oa 94.16, best val oa 94.16
[06/13 03:07:41] IndustrialPartPointCloud INFO: Epoch 59 LR 0.000376 train_oa 93.22, val_oa 94.16, best val oa 94.16
[06/13 03:14:28] IndustrialPartPointCloud INFO: Find a better ckpt @E60
[06/13 03:14:28] IndustrialPartPointCloud INFO: 
Classes	Acc
screws_bolts_studs: 99.08%
nuts      : 94.51%
washers_rings_spacers: 97.52%
pins_rivets_keys: 97.90%
bearings_bushings_guides: 91.68%
gears_pulleys_chains: 89.24%
motors_gearmotors: 97.29%
pipe_fittings_valves_nozzles: 72.10%
joints_clamps_structural_connectors: 79.62%
wheels_castors: 88.49%
rotating_fluid_machinery: 94.48%
plates_discs_shapes: 74.03%
handles_controls: 91.64%
springs   : 94.03%
E@60	OA: 94.69	mAcc: 90.11

[06/13 03:14:28] IndustrialPartPointCloud INFO: Epoch 60 LR 0.000361 train_oa 93.26, val_oa 94.69, best val oa 94.69
[06/13 03:14:28] IndustrialPartPointCloud INFO: Found the best model and saved in log/industrial_part\industrial_part-train-pointnext-s-14class-randomrot-8192-fast-ngpus1-seed3098-20260612-211607-LJ9creSRPPS42iAN76j9tV\checkpoint\industrial_part-train-pointnext-s-14class-randomrot-8192-fast-ngpus1-seed3098-20260612-211607-LJ9creSRPPS42iAN76j9tV_ckpt_best.pth
[06/13 03:20:11] IndustrialPartPointCloud INFO: Epoch 61 LR 0.000346 train_oa 93.50, val_oa 94.69, best val oa 94.69
[06/13 03:25:55] IndustrialPartPointCloud INFO: Epoch 62 LR 0.000331 train_oa 93.59, val_oa 94.69, best val oa 94.69
[06/13 03:31:38] IndustrialPartPointCloud INFO: Epoch 63 LR 0.000317 train_oa 93.76, val_oa 94.69, best val oa 94.69
[06/13 03:37:22] IndustrialPartPointCloud INFO: Epoch 64 LR 0.000302 train_oa 93.68, val_oa 94.69, best val oa 94.69
[06/13 03:44:08] IndustrialPartPointCloud INFO: Find a better ckpt @E65
[06/13 03:44:08] IndustrialPartPointCloud INFO: 
Classes	Acc
screws_bolts_studs: 99.12%
nuts      : 94.66%
washers_rings_spacers: 97.52%
pins_rivets_keys: 97.79%
bearings_bushings_guides: 91.14%
gears_pulleys_chains: 91.46%
motors_gearmotors: 92.20%
pipe_fittings_valves_nozzles: 73.23%
joints_clamps_structural_connectors: 91.60%
wheels_castors: 88.49%
rotating_fluid_machinery: 84.53%
plates_discs_shapes: 83.43%
handles_controls: 93.82%
springs   : 91.79%
E@65	OA: 95.14	mAcc: 90.77

[06/13 03:44:08] IndustrialPartPointCloud INFO: Epoch 65 LR 0.000288 train_oa 93.78, val_oa 95.14, best val oa 95.14
[06/13 03:44:08] IndustrialPartPointCloud INFO: Found the best model and saved in log/industrial_part\industrial_part-train-pointnext-s-14class-randomrot-8192-fast-ngpus1-seed3098-20260612-211607-LJ9creSRPPS42iAN76j9tV\checkpoint\industrial_part-train-pointnext-s-14class-randomrot-8192-fast-ngpus1-seed3098-20260612-211607-LJ9creSRPPS42iAN76j9tV_ckpt_best.pth
[06/13 03:49:52] IndustrialPartPointCloud INFO: Epoch 66 LR 0.000274 train_oa 94.10, val_oa 95.14, best val oa 95.14
[06/13 03:55:36] IndustrialPartPointCloud INFO: Epoch 67 LR 0.000260 train_oa 94.01, val_oa 95.14, best val oa 95.14
[06/13 04:01:20] IndustrialPartPointCloud INFO: Epoch 68 LR 0.000246 train_oa 94.31, val_oa 95.14, best val oa 95.14
[06/13 04:07:03] IndustrialPartPointCloud INFO: Epoch 69 LR 0.000233 train_oa 94.32, val_oa 95.14, best val oa 95.14
[06/13 04:13:49] IndustrialPartPointCloud INFO: Find a better ckpt @E70
[06/13 04:13:49] IndustrialPartPointCloud INFO: 
Classes	Acc
screws_bolts_studs: 99.05%
nuts      : 95.92%
washers_rings_spacers: 98.12%
pins_rivets_keys: 97.87%
bearings_bushings_guides: 93.02%
gears_pulleys_chains: 91.46%
motors_gearmotors: 96.61%
pipe_fittings_valves_nozzles: 73.33%
joints_clamps_structural_connectors: 87.18%
wheels_castors: 90.65%
rotating_fluid_machinery: 92.82%
plates_discs_shapes: 79.56%
handles_controls: 94.79%
springs   : 93.28%
E@70	OA: 95.41	mAcc: 91.69

[06/13 04:13:49] IndustrialPartPointCloud INFO: Epoch 70 LR 0.000220 train_oa 94.46, val_oa 95.41, best val oa 95.41
[06/13 04:13:49] IndustrialPartPointCloud INFO: Found the best model and saved in log/industrial_part\industrial_part-train-pointnext-s-14class-randomrot-8192-fast-ngpus1-seed3098-20260612-211607-LJ9creSRPPS42iAN76j9tV\checkpoint\industrial_part-train-pointnext-s-14class-randomrot-8192-fast-ngpus1-seed3098-20260612-211607-LJ9creSRPPS42iAN76j9tV_ckpt_best.pth
[06/13 04:19:33] IndustrialPartPointCloud INFO: Epoch 71 LR 0.000207 train_oa 94.50, val_oa 95.41, best val oa 95.41
[06/13 04:25:17] IndustrialPartPointCloud INFO: Epoch 72 LR 0.000194 train_oa 94.72, val_oa 95.41, best val oa 95.41
[06/13 04:31:00] IndustrialPartPointCloud INFO: Epoch 73 LR 0.000182 train_oa 94.73, val_oa 95.41, best val oa 95.41
[06/13 04:36:44] IndustrialPartPointCloud INFO: Epoch 74 LR 0.000170 train_oa 94.96, val_oa 95.41, best val oa 95.41
[06/13 04:43:32] IndustrialPartPointCloud INFO: Find a better ckpt @E75
[06/13 04:43:32] IndustrialPartPointCloud INFO: 
Classes	Acc
screws_bolts_studs: 98.44%
nuts      : 96.70%
washers_rings_spacers: 98.02%
pins_rivets_keys: 97.92%
bearings_bushings_guides: 94.63%
gears_pulleys_chains: 90.51%
motors_gearmotors: 97.97%
pipe_fittings_valves_nozzles: 72.62%
joints_clamps_structural_connectors: 90.76%
wheels_castors: 86.33%
rotating_fluid_machinery: 91.16%
plates_discs_shapes: 81.22%
handles_controls: 97.21%
springs   : 95.52%
E@75	OA: 95.49	mAcc: 92.07

[06/13 04:43:32] IndustrialPartPointCloud INFO: Epoch 75 LR 0.000159 train_oa 94.98, val_oa 95.49, best val oa 95.49
[06/13 04:43:32] IndustrialPartPointCloud INFO: Found the best model and saved in log/industrial_part\industrial_part-train-pointnext-s-14class-randomrot-8192-fast-ngpus1-seed3098-20260612-211607-LJ9creSRPPS42iAN76j9tV\checkpoint\industrial_part-train-pointnext-s-14class-randomrot-8192-fast-ngpus1-seed3098-20260612-211607-LJ9creSRPPS42iAN76j9tV_ckpt_best.pth
[06/13 04:49:15] IndustrialPartPointCloud INFO: Epoch 76 LR 0.000147 train_oa 94.99, val_oa 95.49, best val oa 95.49
[06/13 04:54:59] IndustrialPartPointCloud INFO: Epoch 77 LR 0.000136 train_oa 95.27, val_oa 95.49, best val oa 95.49
[06/13 05:00:43] IndustrialPartPointCloud INFO: Epoch 78 LR 0.000126 train_oa 95.32, val_oa 95.49, best val oa 95.49
[06/13 05:06:27] IndustrialPartPointCloud INFO: Epoch 79 LR 0.000116 train_oa 95.40, val_oa 95.49, best val oa 95.49
[06/13 05:13:13] IndustrialPartPointCloud INFO: Find a better ckpt @E80
[06/13 05:13:13] IndustrialPartPointCloud INFO: 
Classes	Acc
screws_bolts_studs: 98.92%
nuts      : 97.02%
washers_rings_spacers: 98.32%
pins_rivets_keys: 97.95%
bearings_bushings_guides: 91.68%
gears_pulleys_chains: 92.41%
motors_gearmotors: 98.64%
pipe_fittings_valves_nozzles: 73.95%
joints_clamps_structural_connectors: 92.23%
wheels_castors: 92.09%
rotating_fluid_machinery: 97.79%
plates_discs_shapes: 83.43%
handles_controls: 96.48%
springs   : 95.52%
E@80	OA: 95.86	mAcc: 93.32

[06/13 05:13:13] IndustrialPartPointCloud INFO: Epoch 80 LR 0.000106 train_oa 95.41, val_oa 95.86, best val oa 95.86
[06/13 05:13:13] IndustrialPartPointCloud INFO: Found the best model and saved in log/industrial_part\industrial_part-train-pointnext-s-14class-randomrot-8192-fast-ngpus1-seed3098-20260612-211607-LJ9creSRPPS42iAN76j9tV\checkpoint\industrial_part-train-pointnext-s-14class-randomrot-8192-fast-ngpus1-seed3098-20260612-211607-LJ9creSRPPS42iAN76j9tV_ckpt_best.pth
[06/13 05:18:57] IndustrialPartPointCloud INFO: Epoch 81 LR 0.000096 train_oa 95.53, val_oa 95.86, best val oa 95.86
[06/13 05:24:40] IndustrialPartPointCloud INFO: Epoch 82 LR 0.000087 train_oa 95.71, val_oa 95.86, best val oa 95.86
[06/13 05:30:24] IndustrialPartPointCloud INFO: Epoch 83 LR 0.000079 train_oa 95.64, val_oa 95.86, best val oa 95.86
[06/13 05:36:08] IndustrialPartPointCloud INFO: Epoch 84 LR 0.000071 train_oa 95.91, val_oa 95.86, best val oa 95.86
[06/13 05:42:54] IndustrialPartPointCloud INFO: Find a better ckpt @E85
[06/13 05:42:54] IndustrialPartPointCloud INFO: 
Classes	Acc
screws_bolts_studs: 98.99%
nuts      : 97.02%
washers_rings_spacers: 98.32%
pins_rivets_keys: 98.20%
bearings_bushings_guides: 91.01%
gears_pulleys_chains: 92.72%
motors_gearmotors: 98.31%
pipe_fittings_valves_nozzles: 76.21%
joints_clamps_structural_connectors: 93.28%
wheels_castors: 93.53%
rotating_fluid_machinery: 97.24%
plates_discs_shapes: 85.08%
handles_controls: 97.82%
springs   : 96.27%
E@85	OA: 96.19	mAcc: 93.86

[06/13 05:42:54] IndustrialPartPointCloud INFO: Epoch 85 LR 0.000063 train_oa 96.03, val_oa 96.19, best val oa 96.19
[06/13 05:42:54] IndustrialPartPointCloud INFO: Found the best model and saved in log/industrial_part\industrial_part-train-pointnext-s-14class-randomrot-8192-fast-ngpus1-seed3098-20260612-211607-LJ9creSRPPS42iAN76j9tV\checkpoint\industrial_part-train-pointnext-s-14class-randomrot-8192-fast-ngpus1-seed3098-20260612-211607-LJ9creSRPPS42iAN76j9tV_ckpt_best.pth
[06/13 05:48:38] IndustrialPartPointCloud INFO: Epoch 86 LR 0.000055 train_oa 96.00, val_oa 96.19, best val oa 96.19
[06/13 05:54:21] IndustrialPartPointCloud INFO: Epoch 87 LR 0.000049 train_oa 96.06, val_oa 96.19, best val oa 96.19
[06/13 06:00:05] IndustrialPartPointCloud INFO: Epoch 88 LR 0.000042 train_oa 96.11, val_oa 96.19, best val oa 96.19
[06/13 06:05:49] IndustrialPartPointCloud INFO: Epoch 89 LR 0.000036 train_oa 96.16, val_oa 96.19, best val oa 96.19
[06/13 06:12:35] IndustrialPartPointCloud INFO: Epoch 90 LR 0.000031 train_oa 96.29, val_oa 96.14, best val oa 96.19
[06/13 06:18:18] IndustrialPartPointCloud INFO: Epoch 91 LR 0.000025 train_oa 96.28, val_oa 96.14, best val oa 96.19
[06/13 06:24:02] IndustrialPartPointCloud INFO: Epoch 92 LR 0.000021 train_oa 96.37, val_oa 96.14, best val oa 96.19
[06/13 06:29:46] IndustrialPartPointCloud INFO: Epoch 93 LR 0.000017 train_oa 96.46, val_oa 96.14, best val oa 96.19
[06/13 06:35:29] IndustrialPartPointCloud INFO: Epoch 94 LR 0.000013 train_oa 96.35, val_oa 96.14, best val oa 96.19
[06/13 06:42:16] IndustrialPartPointCloud INFO: Epoch 95 LR 0.000010 train_oa 96.43, val_oa 96.16, best val oa 96.19
[06/13 06:48:00] IndustrialPartPointCloud INFO: Epoch 96 LR 0.000007 train_oa 96.47, val_oa 96.16, best val oa 96.19
[06/13 06:53:44] IndustrialPartPointCloud INFO: Epoch 97 LR 0.000005 train_oa 96.54, val_oa 96.16, best val oa 96.19
[06/13 06:59:27] IndustrialPartPointCloud INFO: Epoch 98 LR 0.000003 train_oa 96.46, val_oa 96.16, best val oa 96.19
[06/13 07:05:11] IndustrialPartPointCloud INFO: Epoch 99 LR 0.000002 train_oa 96.51, val_oa 96.16, best val oa 96.19
[06/13 07:11:58] IndustrialPartPointCloud INFO: Epoch 100 LR 0.000001 train_oa 96.53, val_oa 96.14, best val oa 96.19
[06/13 07:13:01] IndustrialPartPointCloud INFO: 
Classes	Acc
screws_bolts_studs: 98.65%
nuts      : 96.70%
washers_rings_spacers: 98.02%
pins_rivets_keys: 98.23%
bearings_bushings_guides: 91.68%
gears_pulleys_chains: 93.67%
motors_gearmotors: 98.64%
pipe_fittings_valves_nozzles: 76.72%
joints_clamps_structural_connectors: 92.23%
wheels_castors: 93.53%
rotating_fluid_machinery: 96.69%
plates_discs_shapes: 86.19%
handles_controls: 97.94%
springs   : 98.51%
E@85	OA: 96.14	mAcc: 94.10

[06/13 07:13:01] IndustrialPartPointCloud INFO: Successful Loading the ckpt from log/industrial_part\industrial_part-train-pointnext-s-14class-randomrot-8192-fast-ngpus1-seed3098-20260612-211607-LJ9creSRPPS42iAN76j9tV\checkpoint\industrial_part-train-pointnext-s-14class-randomrot-8192-fast-ngpus1-seed3098-20260612-211607-LJ9creSRPPS42iAN76j9tV_ckpt_best.pth
[06/13 07:13:01] IndustrialPartPointCloud INFO: ckpts @ 85 epoch( {'best_val': 96.19438171386719} )
[06/13 07:14:03] IndustrialPartPointCloud INFO: 
Classes	Acc
screws_bolts_studs: 98.99%
nuts      : 97.02%
washers_rings_spacers: 98.32%
pins_rivets_keys: 98.20%
bearings_bushings_guides: 91.01%
gears_pulleys_chains: 92.72%
motors_gearmotors: 98.31%
pipe_fittings_valves_nozzles: 76.21%
joints_clamps_structural_connectors: 93.28%
wheels_castors: 93.53%
rotating_fluid_machinery: 97.24%
plates_discs_shapes: 85.08%
handles_controls: 97.82%
springs   : 96.27%
E@85	OA: 96.19	mAcc: 93.86

